.......................                                                  [100%]
============================== warnings summary ===============================
broker/tests/test_alembic.py::test_all_tables_present
  D:\Hongsun\SmartClassroom\.venv\Lib\site-packages\alembic\config.py:612: DeprecationWarning: No path_separator found in configuration; falling back to legacy splitting on spaces, commas, and colons for prepend_sys_path.  Consider adding path_separator=os to Alembic config.
    util.warn_deprecated(

-- Docs: https://docs.pytest.org/en/stable/how-to/capture-warnings.html
23 passed, 1 warning in 8.27s
